Microchip MPLAB XC8 Compiler V1.40 ()

Linker command line:

-W-3 --edf=C:\Program Files (x86)\Microchip\xc8\v1.40\dat\en_msgs.txt -cs \
  -h+dist/default/production\PIC18_KEYPADLCD.X.production.sym \
  --cmf=dist/default/production\PIC18_KEYPADLCD.X.production.cmf -z \
  -Q18F4620 -oC:\Users\mxuor\AppData\Local\Temp\s6hs.2 \
  -Mdist/default/production/PIC18_KEYPADLCD.X.production.map -E1 -ver=XC8 \
  -ASTACK=0BFh-0f7fh -pstack=STACK -ACODE=00h-0FFFFh -ACONST=00h-0FFFFh \
  -ASMALLCONST=01000h-010FFhx240 -AMEDIUMCONST=01000h-0FFFFh \
  -ACOMRAM=01h-07Fh -AABS1=00h-0F7Fh -ABIGRAM=01h-0F7Fh \
  -ARAM=080h-0FFh,0100h-01FFhx14,0F00h-0F7Fh -ABANK0=080h-0FFh \
  -ABANK1=0100h-01FFh -ABANK2=0200h-02FFh -ABANK3=0300h-03FFh \
  -ABANK4=0400h-04FFh -ABANK5=0500h-05FFh -ABANK6=0600h-06FFh \
  -ABANK7=0700h-07FFh -ABANK8=0800h-08FFh -ABANK9=0900h-09FFh \
  -ABANK10=0A00h-0AFFh -ABANK11=0B00h-0BFFh -ABANK12=0C00h-0CFFh \
  -ABANK13=0D00h-0DFFh -ABANK14=0E00h-0EFFh -ABANK15=0F00h-0F7Fh \
  -ASFR=0F80h-0FFFh -preset_vec=00h,intcode=08h,intcodelo,powerup,init \
  -pramtop=01000h -psmallconst=SMALLCONST -pmediumconst=MEDIUMCONST \
  -pconst=CONST -AFARRAM=00h-00h -ACONFIG=0300000h-030000Dh -pconfig=CONFIG \
  -AIDLOC=0200000h-0200007h -pidloc=IDLOC -AEEDATA=0F00000h-0F003FFh \
  -peeprom_data=EEDATA \
  -prdata=COMRAM,nvrram=COMRAM,nvbit=COMRAM,rbss=COMRAM,rbit=COMRAM \
  -pfarbss=FARRAM,fardata=FARRAM,nvFARRAM=FARRAM \
  -pintsave_regs=BIGRAM,bigbss=BIGRAM,bigdata=BIGRAM -pbss=RAM \
  -pidata=CODE,irdata=CODE,ibigdata=CODE,ifardata=CODE -prparam=COMRAM \
  C:\Users\mxuor\AppData\Local\Temp\s6hs.obj \
  dist/default/production\PIC18_KEYPADLCD.X.production.obj 

Object code version is 3.11

Machine type is 18F4620

Call graph: (short form)




                Name                               Link     Load   Length Selector   Space Scale
C:\Users\mxuor\AppData\Local\Temp\s6hs.obj
                init                                  E        E        4        4       0
                reset_vec                             0        0        4        0       0
                idloc                            200000   200000        8   200000       0
                config                           300000   300000        E   300000       0
dist/default/production\PIC18_KEYPADLCD.X.production.obj
                intcode                               8        8        6        4       0
                temp                                 76       76        1        1       1
                smallconst                         1000     1000       4A      800       0
                intcode_body                       1D5E     1D5E      58C      825       0
                text14                             2CF6     2CF6       BE      825       0
                text13                             2DB4     2DB4       A2      825       0
                text12                             2E56     2E56       78      825       0
                text11                             2F9C     2F9C       62      825       0
                text10                             308C     308C       36      825       0
                text9                              2ECE     2ECE       68      825       0
                text8                              30D2     30D2       10      825       0
                text7                              3046     3046       46      825       0
                text6                              30C2     30C2       10      825       0
                text5                              22EA     22EA      334      825       0
                text4                              2932     2932      2F0      825       0
                text3                              104A     104A      D14      825       0
                text2                              2FFE     2FFE       48      825       0
                text1                              261E     261E      314      825       0
                text0                              2C22     2C22       D4      825       0
                cstackCOMRAM                          1        1       3B        1       1
                cstackBANK0                          80       80       2D       80       1
                dataBANK0                            BB       BB        4       80       1
                bssBANK0                             AD       AD        E       80       1
                dataCOMRAM                           6E       6E        6        1       1
                bssCOMRAM                            3C       3C       32        1       1
                cinit                              2F36     2F36       66      825       0
                nvCOMRAM                             74       74        2        1       1
                idataBANK0                         30E8     30E8        4      825       0
                idataCOMRAM                        30E2     30E2        6      825       0

TOTAL           Name                               Link     Load   Length     Space
        CLASS   STACK          

        CLASS   CODE           
                intcode                               8        8        6         0
                init                                  E        E        4         0
                reset_vec                             0        0        4         0
                intcode_body                       1D5E     1D5E      58C         0
                text14                             2CF6     2CF6       BE         0
                text13                             2DB4     2DB4       A2         0
                text12                             2E56     2E56       78         0
                text11                             2F9C     2F9C       62         0
                text10                             308C     308C       36         0
                text9                              2ECE     2ECE       68         0
                text8                              30D2     30D2       10         0
                text7                              3046     3046       46         0
                text6                              30C2     30C2       10         0
                text5                              22EA     22EA      334         0
                text4                              2932     2932      2F0         0
                text3                              104A     104A      D14         0
                text2                              2FFE     2FFE       48         0
                text1                              261E     261E      314         0
                text0                              2C22     2C22       D4         0
                cinit                              2F36     2F36       66         0
                idataBANK0                         30E8     30E8        4         0
                idataCOMRAM                        30E2     30E2        6         0

        CLASS   CONST          

        CLASS   SMALLCONST     
                smallconst                         1000     1000       4A         0

        CLASS   MEDIUMCONST    

        CLASS   COMRAM         
                temp                                 76       76        1         1
                cstackCOMRAM                          1        1       3B         1
                dataCOMRAM                           6E       6E        6         1
                bssCOMRAM                            3C       3C       32         1
                nvCOMRAM                             74       74        2         1

        CLASS   ABS1           

        CLASS   BIGRAM         

        CLASS   RAM            

        CLASS   BANK0          
                cstackBANK0                          80       80       2D         1
                dataBANK0                            BB       BB        4         1
                bssBANK0                             AD       AD        E         1

        CLASS   BANK1          

        CLASS   BANK2          

        CLASS   BANK3          

        CLASS   BANK4          

        CLASS   BANK5          

        CLASS   BANK6          

        CLASS   BANK7          

        CLASS   BANK8          

        CLASS   BANK9          

        CLASS   BANK10         

        CLASS   BANK11         

        CLASS   BANK12         

        CLASS   BANK13         

        CLASS   BANK14         

        CLASS   BANK15         

        CLASS   SFR            

        CLASS   FARRAM         

        CLASS   CONFIG         
                config                           300000   300000        E         0

        CLASS   IDLOC          
                idloc                            200000   200000        8         0

        CLASS   EEDATA         



SEGMENTS        Name                           Load    Length   Top    Selector   Space  Class

                reset_vec                      000000  000004  000004         0       0  CODE    
                cstackCOMRAM                   000001  000076  000077         1       1  COMRAM  
                intcode                        000008  00000A  000012         4       0  CODE    
                cstackBANK0                    000080  00003F  0000BF        80       1  BANK0   
                smallconst                     001000  00004A  00104A       800       0  SMALLCON
                text3                          00104A  0020A2  0030EC       825       0  CODE    
                idloc                          200000  000008  200008    200000       0  IDLOC   
                config                         300000  00000E  30000E    300000       0  CONFIG  


UNUSED ADDRESS RANGES

        Name                Unused          Largest block    Delta
        BANK0            0000BF-0000FF               41
        BANK1            000100-0001FF              100
        BANK10           000A00-000AFF              100
        BANK11           000B00-000BFF              100
        BANK12           000C00-000CFF              100
        BANK13           000D00-000DFF              100
        BANK14           000E00-000EFF              100
        BANK15           000F00-000F7F               80
        BANK2            000200-0002FF              100
        BANK3            000300-0003FF              100
        BANK4            000400-0004FF              100
        BANK5            000500-0005FF              100
        BANK6            000600-0006FF              100
        BANK7            000700-0007FF              100
        BANK8            000800-0008FF              100
        BANK9            000900-0009FF              100
        BIGRAM           000077-00007F                9
                         0000BF-000F7F              EC1
        CODE             000004-000007                4
                         000012-000FFF              FEE
                         0030EC-00FFFF             CF14
        COMRAM           000077-00007F                9
        CONST            000004-000007                4
                         000012-000FFF              FEE
                         0030EC-00FFFF             CF14
        EEDATA           F00000-F003FF              400
        MEDIUMCONST      0030EC-00FFFF             CF14
        RAM              0000BF-000F7F              100
        SFR              000F80-000FFF               80
        SMALLCONST       0030EC-00FFFF              100
        STACK            0000BF-000F7F              EC1

                                  Symbol Table

?___awdiv                    cstackBANK0  000080
?___awmod                    cstackBANK0  000080
?___lwdiv                    cstackBANK0  000080
?___lwmod                    cstackBANK0  000080
?___wmul                     cstackBANK0  000080
_AC_wait                     bssCOMRAM    000046
_ADCON0                      (abs)        000FC2
_ADCON1                      (abs)        000FC1
_AGITATE_DC                  smallconst   001012
_AGITATE_WAIT_1              smallconst   001014
_AGITATE_WAIT_2              smallconst   001016
_ELEC_DOWN                   smallconst   001018
_ELEC_UP                     smallconst   00101A
_FORWARD_POS_0_C             smallconst   00101C
_FORWARD_POS_1               smallconst   00101E
_FORWARD_POS_1_9V            smallconst   001020
_FORWARD_POS_1_AA            smallconst   001022
_FORWARD_POS_1_C             smallconst   001024
_FORWARD_POS_2               smallconst   001026
_FORWARD_POS_2_9V            smallconst   001028
_FORWARD_POS_2_AA            smallconst   00102A
_FORWARD_POS_2_C             smallconst   00102C
_FSM                         text3        00104A
_INTCONbits                  (abs)        000FF2
_LATB                        (abs)        000F8A
_LATCbits                    (abs)        000F8B
_LATD                        (abs)        000F8C
_LATDbits                    (abs)        000F8C
_MAX_COUNT                   smallconst   00102E
_OSCCON                      (abs)        000FD3
_OSCTUNEbits                 (abs)        000F9B
_PEIE                        (abs)        007F96
_PORTAbits                   (abs)        000F80
_PORTB                       (abs)        000F81
_PORTBbits                   (abs)        000F81
_PORTCbits                   (abs)        000F82
_PORTEbits                   (abs)        000F84
_RAMP_9V                     smallconst   001030
_RAMP_AA                     smallconst   001032
_RAMP_C                      smallconst   001034
_RAMP_DEAD                   smallconst   001036
_RESET_POS                   smallconst   001038
_RESET_POS_9V                smallconst   00103A
_RESET_POS_AA                smallconst   00103C
_RESET_POS_C                 smallconst   00103E
_SENSOR_WAIT                 smallconst   001040
_SERVO_F_WAIT                smallconst   001042
_SERVO_WAIT                  smallconst   001044
_T0CON                       (abs)        000FD5
_T1CON                       (abs)        000FCD
_TMR0H                       (abs)        000FD7
_TMR0IF                      (abs)        007F92
_TMR0L                       (abs)        000FD6
_TMR0ON                      (abs)        007EAF
_TMR1H                       (abs)        000FCF
_TMR1IE                      (abs)        007CE8
_TMR1IF                      (abs)        007CF0
_TMR1L                       (abs)        000FCE
_TMR1ON                      (abs)        007E68
_TMR3IE                      (abs)        007D01
_TRISA                       (abs)        000F92
_TRISB                       (abs)        000F93
_TRISC                       (abs)        000F94
_TRISD                       (abs)        000F95
_TRISEbits                   (abs)        000F96
_VOLT_WAIT                   smallconst   001046
__CFG_BOREN$SBORDIS          (abs)        000000
__CFG_BORV$3                 (abs)        000000
__CFG_CCP2MX$PORTC           (abs)        000000
__CFG_CP0$OFF                (abs)        000000
__CFG_CP1$OFF                (abs)        000000
__CFG_CP2$OFF                (abs)        000000
__CFG_CP3$OFF                (abs)        000000
__CFG_CPB$OFF                (abs)        000000
__CFG_CPD$OFF                (abs)        000000
__CFG_EBTR0$OFF              (abs)        000000
__CFG_EBTR1$OFF              (abs)        000000
__CFG_EBTR2$OFF              (abs)        000000
__CFG_EBTR3$OFF              (abs)        000000
__CFG_EBTRB$OFF              (abs)        000000
__CFG_FCMEN$OFF              (abs)        000000
__CFG_IESO$OFF               (abs)        000000
__CFG_LPT1OSC$OFF            (abs)        000000
__CFG_LVP$OFF                (abs)        000000
__CFG_MCLRE$ON               (abs)        000000
__CFG_OSC$INTIO7             (abs)        000000
__CFG_PBADEN$ON              (abs)        000000
__CFG_PWRT$OFF               (abs)        000000
__CFG_STVREN$ON              (abs)        000000
__CFG_WDT$OFF                (abs)        000000
__CFG_WDTPS$32768            (abs)        000000
__CFG_WRT0$OFF               (abs)        000000
__CFG_WRT1$OFF               (abs)        000000
__CFG_WRT2$OFF               (abs)        000000
__CFG_WRT3$OFF               (abs)        000000
__CFG_WRTB$OFF               (abs)        000000
__CFG_WRTC$OFF               (abs)        000000
__CFG_WRTD$OFF               (abs)        000000
__CFG_XINST$OFF              (abs)        000000
__HRAM                       (abs)        000000
__Habs1                      abs1         000000
__Hbank0                     bank0        000000
__Hbank1                     bank1        000000
__Hbank10                    bank10       000000
__Hbank11                    bank11       000000
__Hbank12                    bank12       000000
__Hbank13                    bank13       000000
__Hbank14                    bank14       000000
__Hbank15                    bank15       000000
__Hbank2                     bank2        000000
__Hbank3                     bank3        000000
__Hbank4                     bank4        000000
__Hbank5                     bank5        000000
__Hbank6                     bank6        000000
__Hbank7                     bank7        000000
__Hbank8                     bank8        000000
__Hbank9                     bank9        000000
__Hbigbss                    bigbss       000000
__Hbigdata                   bigdata      000000
__Hbigram                    bigram       000000
__Hbss                       bss          000000
__HbssBANK0                  bssBANK0     000000
__HbssCOMRAM                 bssCOMRAM    000000
__Hcinit                     cinit        000000
__Hclrtext                   clrtext      000000
__Hcomram                    comram       000000
__Hconfig                    config       30000E
__Hconst                     const        000000
__HcstackBANK0               cstackBANK0  000000
__HcstackCOMRAM              cstackCOMRAM 000000
__Hdata                      data         000000
__HdataBANK0                 dataBANK0    000000
__HdataCOMRAM                dataCOMRAM   000000
__Heeprom_data               eeprom_data  000000
__Hfarbss                    farbss       000000
__Hfardata                   fardata      000000
__Hibigdata                  ibigdata     000000
__Hidata                     idata        000000
__HidataBANK0                idataBANK0   000000
__HidataCOMRAM               idataCOMRAM  000000
__Hidloc                     idloc        200008
__Hifardata                  ifardata     000000
__Hinit                      init         000012
__Hintcode                   intcode      00000E
__Hintcode_body              intcode_body 000000
__Hintcodelo                 intcodelo    00000E
__Hintentry                  intentry     000000
__Hintret                    intret       000000
__Hintsave_regs              intsave_regs 000000
__Hirdata                    irdata       000000
__Hmediumconst               mediumconst  000000
__HnvCOMRAM                  nvCOMRAM     000000
__HnvFARRAM                  nvFARRAM     000000
__Hnvbit                     nvbit        000000
__Hnvrram                    nvrram       000000
__Hparam                     rparam       000000
__Hpowerup                   powerup      00000E
__Hram                       ram          000000
__Hramtop                    ramtop       001000
__Hrbit                      rbit         000000
__Hrbss                      rbss         000000
__Hrdata                     rdata        000000
__Hreset_vec                 reset_vec    000004
__Hrparam                    rparam       000000
__Hsfr                       sfr          000000
__Hsmallconst                smallconst   00104A
__Hspace_0                   (abs)        30000E
__Hspace_1                   (abs)        0000BF
__Hspace_2                   (abs)        000000
__Hstack                     stack        000000
__Hstruct                    struct       000000
__Htemp                      temp         000077
__Htext                      text         000000
__Htext0                     text0        000000
__Htext1                     text1        000000
__Htext10                    text10       000000
__Htext11                    text11       000000
__Htext12                    text12       000000
__Htext13                    text13       000000
__Htext14                    text14       000000
__Htext2                     text2        000000
__Htext3                     text3        000000
__Htext4                     text4        000000
__Htext5                     text5        000000
__Htext6                     text6        000000
__Htext7                     text7        000000
__Htext8                     text8        000000
__Htext9                     text9        000000
__LRAM                       (abs)        000001
__Labs1                      abs1         000000
__Lbank0                     bank0        000000
__Lbank1                     bank1        000000
__Lbank10                    bank10       000000
__Lbank11                    bank11       000000
__Lbank12                    bank12       000000
__Lbank13                    bank13       000000
__Lbank14                    bank14       000000
__Lbank15                    bank15       000000
__Lbank2                     bank2        000000
__Lbank3                     bank3        000000
__Lbank4                     bank4        000000
__Lbank5                     bank5        000000
__Lbank6                     bank6        000000
__Lbank7                     bank7        000000
__Lbank8                     bank8        000000
__Lbank9                     bank9        000000
__Lbigbss                    bigbss       000000
__Lbigdata                   bigdata      000000
__Lbigram                    bigram       000000
__Lbss                       bss          000000
__LbssBANK0                  bssBANK0     000000
__LbssCOMRAM                 bssCOMRAM    000000
__Lcinit                     cinit        000000
__Lclrtext                   clrtext      000000
__Lcomram                    comram       000000
__Lconfig                    config       300000
__Lconst                     const        000000
__LcstackBANK0               cstackBANK0  000000
__LcstackCOMRAM              cstackCOMRAM 000000
__Ldata                      data         000000
__LdataBANK0                 dataBANK0    000000
__LdataCOMRAM                dataCOMRAM   000000
__Leeprom_data               eeprom_data  000000
__Lfarbss                    farbss       000000
__Lfardata                   fardata      000000
__Libigdata                  ibigdata     000000
__Lidata                     idata        000000
__LidataBANK0                idataBANK0   000000
__LidataCOMRAM               idataCOMRAM  000000
__Lidloc                     idloc        200000
__Lifardata                  ifardata     000000
__Linit                      init         00000E
__Lintcode                   intcode      000008
__Lintcode_body              intcode_body 000000
__Lintcodelo                 intcodelo    00000E
__Lintentry                  intentry     000000
__Lintret                    intret       000000
__Lintsave_regs              intsave_regs 000000
__Lirdata                    irdata       000000
__Lmediumconst               mediumconst  000000
__LnvCOMRAM                  nvCOMRAM     000000
__LnvFARRAM                  nvFARRAM     000000
__Lnvbit                     nvbit        000000
__Lnvrram                    nvrram       000000
__Lparam                     rparam       000000
__Lpowerup                   powerup      00000E
__Lram                       ram          000000
__Lramtop                    ramtop       001000
__Lrbit                      rbit         000000
__Lrbss                      rbss         000000
__Lrdata                     rdata        000000
__Lreset_vec                 reset_vec    000000
__Lrparam                    rparam       000000
__Lsfr                       sfr          000000
__Lsmallconst                smallconst   001000
__Lspace_0                   (abs)        000000
__Lspace_1                   (abs)        000000
__Lspace_2                   (abs)        000000
__Lstack                     stack        000000
__Lstruct                    struct       000000
__Ltemp                      temp         000076
__Ltext                      text         000000
__Ltext0                     text0        000000
__Ltext1                     text1        000000
__Ltext10                    text10       000000
__Ltext11                    text11       000000
__Ltext12                    text12       000000
__Ltext13                    text13       000000
__Ltext14                    text14       000000
__Ltext2                     text2        000000
__Ltext3                     text3        000000
__Ltext4                     text4        000000
__Ltext5                     text5        000000
__Ltext6                     text6        000000
__Ltext7                     text7        000000
__Ltext8                     text8        000000
__Ltext9                     text9        000000
__S0                         (abs)        30000E
__S1                         (abs)        0000BF
__S2                         (abs)        000000
___awdiv                     text14       002CF6
___awdiv@counter             cstackBANK0  000084
___awdiv@dividend            cstackBANK0  000080
___awdiv@divisor             cstackBANK0  000082
___awdiv@quotient            cstackBANK0  000086
___awdiv@sign                cstackBANK0  000085
___awmod                     text13       002DB4
___awmod@counter             cstackBANK0  000084
___awmod@dividend            cstackBANK0  000080
___awmod@divisor             cstackBANK0  000082
___awmod@sign                cstackBANK0  000085
___inthi_sp                  stack        000000
___intlo_sp                  stack        000000
___lwdiv                     text12       002E56
___lwdiv@counter             cstackBANK0  000084
___lwdiv@dividend            cstackBANK0  000080
___lwdiv@divisor             cstackBANK0  000082
___lwdiv@quotient            cstackBANK0  000085
___lwmod                     text11       002F9C
___lwmod@counter             cstackBANK0  000084
___lwmod@dividend            cstackBANK0  000080
___lwmod@divisor             cstackBANK0  000082
___param_bank                (abs)        000000
___rparam_used               (abs)        000001
___sp                        stack        000000
___wmul                      text10       00308C
___wmul@multiplicand         cstackBANK0  000082
___wmul@multiplier           cstackBANK0  000080
___wmul@product              cstackBANK0  000084
__accesstop                  (abs)        000080
__activetblptr               (abs)        000002
__end_of_AGITATE_DC          smallconst   001014
__end_of_AGITATE_WAIT_1      smallconst   001016
__end_of_AGITATE_WAIT_2      smallconst   001018
__end_of_ELEC_DOWN           smallconst   00101A
__end_of_ELEC_UP             smallconst   00101C
__end_of_FORWARD_POS_0_C     smallconst   00101E
__end_of_FORWARD_POS_1       smallconst   001020
__end_of_FORWARD_POS_1_9V    smallconst   001022
__end_of_FORWARD_POS_1_AA    smallconst   001024
__end_of_FORWARD_POS_1_C     smallconst   001026
__end_of_FORWARD_POS_2       smallconst   001028
__end_of_FORWARD_POS_2_9V    smallconst   00102A
__end_of_FORWARD_POS_2_AA    smallconst   00102C
__end_of_FORWARD_POS_2_C     smallconst   00102E
__end_of_FSM                 text3        001D5E
__end_of_MAX_COUNT           smallconst   001030
__end_of_RAMP_9V             smallconst   001032
__end_of_RAMP_AA             smallconst   001034
__end_of_RAMP_C              smallconst   001036
__end_of_RAMP_DEAD           smallconst   001038
__end_of_RESET_POS           smallconst   00103A
__end_of_RESET_POS_9V        smallconst   00103C
__end_of_RESET_POS_AA        smallconst   00103E
__end_of_RESET_POS_C         smallconst   001040
__end_of_SENSOR_WAIT         smallconst   001042
__end_of_SERVO_F_WAIT        smallconst   001044
__end_of_SERVO_WAIT          smallconst   001046
__end_of_VOLT_WAIT           smallconst   001048
__end_of___awdiv             text14       002DB4
__end_of___awmod             text13       002E56
__end_of___lwdiv             text12       002ECE
__end_of___lwmod             text11       002FFE
__end_of___wmul              text10       0030C2
__end_of__initialization     cinit        002F8E
__end_of_handler             intcode_body 0022EA
__end_of_initLCD             text7        00308C
__end_of_intro               text2        003046
__end_of_keypad              text1        002932
__end_of_keys                smallconst   001012
__end_of_lcdInst             text8        0030E2
__end_of_lcdNibble           text9        002F36
__end_of_main                text0        002CF6
__end_of_print_batteries     text5        00261E
__end_of_print_simu          text4        002C22
__end_of_putch               text6        0030D2
__initialization             cinit        002F36
__mediumconst                mediumconst  000000
__pbssBANK0                  bssBANK0     0000AD
__pbssCOMRAM                 bssCOMRAM    00003C
__pcinit                     cinit        002F36
__pcstackBANK0               cstackBANK0  000080
__pcstackCOMRAM              cstackCOMRAM 000001
__pdataBANK0                 dataBANK0    0000BB
__pdataCOMRAM                dataCOMRAM   00006E
__pidataBANK0                idataBANK0   0030E8
__pidataCOMRAM               idataCOMRAM  0030E2
__pintcode                   intcode      000008
__pintcode_body              intcode_body 001D5E
__pnvCOMRAM                  nvCOMRAM     000074
__psmallconst                smallconst   001000
__ptext0                     text0        002C22
__ptext1                     text1        00261E
__ptext10                    text10       00308C
__ptext11                    text11       002F9C
__ptext12                    text12       002E56
__ptext13                    text13       002DB4
__ptext14                    text14       002CF6
__ptext2                     text2        002FFE
__ptext3                     text3        00104A
__ptext4                     text4        002932
__ptext5                     text5        0022EA
__ptext6                     text6        0030C2
__ptext7                     text7        003046
__ptext8                     text8        0030D2
__ptext9                     text9        002ECE
__ramtop                     ramtop       001000
__size_of_FSM                (abs)        000000
__size_of___awdiv            (abs)        000000
__size_of___awmod            (abs)        000000
__size_of___lwdiv            (abs)        000000
__size_of___lwmod            (abs)        000000
__size_of___wmul             (abs)        000000
__size_of_handler            (abs)        000000
__size_of_initLCD            (abs)        000000
__size_of_intro              (abs)        000000
__size_of_keypad             (abs)        000000
__size_of_lcdInst            (abs)        000000
__size_of_lcdNibble          (abs)        000000
__size_of_main               (abs)        000000
__size_of_print_batteries    (abs)        000000
__size_of_print_simu         (abs)        000000
__size_of_putch              (abs)        000000
__smallconst                 smallconst   001000
_count9V                     bssBANK0     0000AD
_countAA                     bssBANK0     0000AF
_countC                      bssBANK0     0000B1
_countDead                   bssBANK0     0000B3
_handler                     intcode      000008
_initLCD                     text7        003046
_intro                       text2        002FFE
_keypad                      text1        00261E
_keypress                    dataCOMRAM   000070
_keys                        smallconst   001001
_lcdInst                     text8        0030D2
_lcdNibble                   text9        002ECE
_lcd_mode                    dataBANK0    0000BB
_main                        text0        002C22
_oneDigit                    bssCOMRAM    000048
_oneDigitChar                dataCOMRAM   000071
_operation_time              bssBANK0     0000B5
_print_batteries             text5        0022EA
_print_simu                  text4        002932
_putch                       text6        0030C2
_rlb                         bssBANK0     0000B7
_rlf                         bssBANK0     0000B9
_sensor9V                    bssCOMRAM    00004A
_sensorAA                    bssCOMRAM    00004C
_sensorC                     bssCOMRAM    00004E
_sensor_incrementer          bssCOMRAM    000050
_sensor_state                bssCOMRAM    000052
_servo_duties                bssCOMRAM    00003C
_state                       bssCOMRAM    000054
_temp                        dataCOMRAM   000072
_tenDigit                    bssCOMRAM    000056
_tenDigitChar                dataCOMRAM   000073
_test_counter                bssCOMRAM    000058
_test_mode                   bssCOMRAM    00005A
_test_state                  dataCOMRAM   00006E
_timer_counter               bssCOMRAM    00005C
_timer_counter2              bssCOMRAM    00005E
_timer_counter3              bssCOMRAM    000060
_timer_counter4              dataBANK0    0000BD
_timer_on                    nvCOMRAM     000074
_volt9V                      bssCOMRAM    000062
_voltAA                      bssCOMRAM    000064
_voltC                       bssCOMRAM    000066
_voltcheck_1                 bssCOMRAM    000068
_voltcheck_2                 bssCOMRAM    00006A
_voltcheck_3                 bssCOMRAM    00006C
btemp                        temp         000076
end_of_initialization        cinit        002F8E
handler@L                    cstackCOMRAM 00001A
handler@L_672                cstackCOMRAM 000024
handler@L_685                cstackCOMRAM 00002E
handler@L_690                cstackCOMRAM 000038
handler@w                    cstackCOMRAM 000018
handler@w_671                cstackCOMRAM 000022
handler@w_684                cstackCOMRAM 00002C
handler@w_689                cstackCOMRAM 000036
handler@x                    cstackCOMRAM 000014
handler@x_669                cstackCOMRAM 00001E
handler@x_682                cstackCOMRAM 000028
handler@x_687                cstackCOMRAM 000032
handler@y                    cstackCOMRAM 000016
handler@y_670                cstackCOMRAM 000020
handler@y_683                cstackCOMRAM 00002A
handler@y_688                cstackCOMRAM 000034
handler@z                    cstackCOMRAM 00001C
handler@z_673                cstackCOMRAM 000026
handler@z_686                cstackCOMRAM 000030
handler@z_691                cstackCOMRAM 00003A
int$flags                    temp         000076
int_func                     intcode_body 001D5E
intlevel0                    text         000000
intlevel1                    text         000000
intlevel2                    text         000000
intlevel3                    text         000000
lcdInst@data                 cstackBANK0  000082
lcdNibble@data               cstackBANK0  000081
lcdNibble@temp               cstackBANK0  000080
print_batteries@chone9V      cstackBANK0  00009D
print_batteries@choneAA      cstackBANK0  0000A1
print_batteries@choneC       cstackBANK0  00009F
print_batteries@choneDrained cstackBANK0  0000A3
print_batteries@chten9V      cstackBANK0  00009C
print_batteries@chtenAA      cstackBANK0  0000A0
print_batteries@chtenC       cstackBANK0  00009E
print_batteries@chtenDrained cstackBANK0  0000A2
print_batteries@minOpChar    cstackBANK0  000099
print_batteries@minOpDigit   cstackBANK0  0000A4
print_batteries@one9V        cstackBANK0  00008B
print_batteries@oneAA        cstackBANK0  000093
print_batteries@oneC         cstackBANK0  00008F
print_batteries@oneDrained   cstackBANK0  000097
print_batteries@oneOpChar    cstackBANK0  00009B
print_batteries@oneOpDigit   cstackBANK0  0000A8
print_batteries@ten9V        cstackBANK0  000089
print_batteries@tenAA        cstackBANK0  000091
print_batteries@tenC         cstackBANK0  00008D
print_batteries@tenDrained   cstackBANK0  000095
print_batteries@tenOpChar    cstackBANK0  00009A
print_batteries@tenOpDigit   cstackBANK0  0000A6
putch@data                   cstackBANK0  000082
stackhi                      (abs)        000F7F
stacklo                      (abs)        0000BF
start                        init         00000E
start_initialization         cinit        002F36


FUNCTION INFORMATION:

 *************** function _main *****************
 Defined at:
		line 1330 in file "main.c"
 Parameters:    Size  Location     Type
		None
 Auto vars:     Size  Location     Type
		None
 Return value:  Size  Location     Type
                  1    wreg      void 
 Registers used:
		wreg, status,2, status,0, tblptrl, tblptrh, tblptru, prodl, prodh, cstack
 Tracked objects:
		On entry : 
		On exit  : 
		Unchanged: 
 Data sizes:     COMRAM   BANK0   BANK1   BANK2   BANK3   BANK4   BANK5   BANK6   BANK7   BANK8   BANK9  BANK10  BANK11  BANK12  BANK13  BANK14  BANK15
      Params:         0       0       0       0       0       0       0       0       0       0       0       0       0       0       0       0       0
      Locals:         0       0       0       0       0       0       0       0       0       0       0       0       0       0       0       0       0
      Temps:          0       0       0       0       0       0       0       0       0       0       0       0       0       0       0       0       0
      Totals:         0       0       0       0       0       0       0       0       0       0       0       0       0       0       0       0       0
Total ram usage:        0 bytes
 Hardware stack levels required when called:    6
 This function calls:
		_FSM
		_intro
		_keypad
 This function is called by:
		Startup code after reset
 This function uses a non-reentrant model


 *************** function _keypad *****************
 Defined at:
		line 1198 in file "main.c"
 Parameters:    Size  Location     Type
		None
 Auto vars:     Size  Location     Type
		None
 Return value:  Size  Location     Type
                  1    wreg      void 
 Registers used:
		wreg, status,2, status,0, tblptrl, tblptrh, tblptru, prodl, prodh, cstack
 Tracked objects:
		On entry : 
		On exit  : 
		Unchanged: 
 Data sizes:     COMRAM   BANK0   BANK1   BANK2   BANK3   BANK4   BANK5   BANK6   BANK7   BANK8   BANK9  BANK10  BANK11  BANK12  BANK13  BANK14  BANK15
      Params:         0       0       0       0       0       0       0       0       0       0       0       0       0       0       0       0       0
      Locals:         0       0       0       0       0       0       0       0       0       0       0       0       0       0       0       0       0
      Temps:          0       1       0       0       0       0       0       0       0       0       0       0       0       0       0       0       0
      Totals:         0       1       0       0       0       0       0       0       0       0       0       0       0       0       0       0       0
Total ram usage:        1 bytes
 Hardware stack levels used:    1
 Hardware stack levels required when called:    5
 This function calls:
		___awdiv
		___awmod
		_initLCD
		_intro
		_print_simu
		_putch
 This function is called by:
		_main
 This function uses a non-reentrant model


 *************** function _intro *****************
 Defined at:
		line 59 in file "lcd.c"
 Parameters:    Size  Location     Type
		None
 Auto vars:     Size  Location     Type
		None
 Return value:  Size  Location     Type
                  1    wreg      void 
 Registers used:
		wreg, status,2, status,0, cstack
 Tracked objects:
		On entry : 
		On exit  : 
		Unchanged: 
 Data sizes:     COMRAM   BANK0   BANK1   BANK2   BANK3   BANK4   BANK5   BANK6   BANK7   BANK8   BANK9  BANK10  BANK11  BANK12  BANK13  BANK14  BANK15
      Params:         0       0       0       0       0       0       0       0       0       0       0       0       0       0       0       0       0
      Locals:         0       0       0       0       0       0       0       0       0       0       0       0       0       0       0       0       0
      Temps:          0       1       0       0       0       0       0       0       0       0       0       0       0       0       0       0       0
      Totals:         0       1       0       0       0       0       0       0       0       0       0       0       0       0       0       0       0
Total ram usage:        1 bytes
 Hardware stack levels used:    1
 Hardware stack levels required when called:    4
 This function calls:
		_initLCD
		_putch
 This function is called by:
		_keypad
		_main
 This function uses a non-reentrant model


 *************** function _FSM *****************
 Defined at:
		line 559 in file "main.c"
 Parameters:    Size  Location     Type
		None
 Auto vars:     Size  Location     Type
		None
 Return value:  Size  Location     Type
                  1    wreg      void 
 Registers used:
		wreg, status,2, status,0, tblptrl, tblptrh, tblptru, prodl, prodh, cstack
 Tracked objects:
		On entry : 
		On exit  : 
		Unchanged: 
 Data sizes:     COMRAM   BANK0   BANK1   BANK2   BANK3   BANK4   BANK5   BANK6   BANK7   BANK8   BANK9  BANK10  BANK11  BANK12  BANK13  BANK14  BANK15
      Params:         0       0       0       0       0       0       0       0       0       0       0       0       0       0       0       0       0
      Locals:         0       0       0       0       0       0       0       0       0       0       0       0       0       0       0       0       0
      Temps:          0       3       0       0       0       0       0       0       0       0       0       0       0       0       0       0       0
      Totals:         0       3       0       0       0       0       0       0       0       0       0       0       0       0       0       0       0
Total ram usage:        3 bytes
 Hardware stack levels used:    1
 Hardware stack levels required when called:    5
 This function calls:
		___awdiv
		_print_batteries
		_print_simu
 This function is called by:
		_main
 This function uses a non-reentrant model


 *************** function _print_simu *****************
 Defined at:
		line 1508 in file "main.c"
 Parameters:    Size  Location     Type
		None
 Auto vars:     Size  Location     Type
		None
 Return value:  Size  Location     Type
                  1    wreg      void 
 Registers used:
		wreg, status,2, status,0, cstack
 Tracked objects:
		On entry : 
		On exit  : 
		Unchanged: 
 Data sizes:     COMRAM   BANK0   BANK1   BANK2   BANK3   BANK4   BANK5   BANK6   BANK7   BANK8   BANK9  BANK10  BANK11  BANK12  BANK13  BANK14  BANK15
      Params:         0       0       0       0       0       0       0       0       0       0       0       0       0       0       0       0       0
      Locals:         0       0       0       0       0       0       0       0       0       0       0       0       0       0       0       0       0
      Temps:          0       2       0       0       0       0       0       0       0       0       0       0       0       0       0       0       0
      Totals:         0       2       0       0       0       0       0       0       0       0       0       0       0       0       0       0       0
Total ram usage:        2 bytes
 Hardware stack levels used:    1
 Hardware stack levels required when called:    4
 This function calls:
		_initLCD
		_putch
 This function is called by:
		_FSM
		_keypad
 This function uses a non-reentrant model


 *************** function _print_batteries *****************
 Defined at:
		line 1440 in file "main.c"
 Parameters:    Size  Location     Type
		None
 Auto vars:     Size  Location     Type
  oneOpDigit      2   40[BANK0 ] unsigned int 
  tenOpDigit      2   38[BANK0 ] unsigned int 
  minOpDigit      2   36[BANK0 ] unsigned int 
  oneDrained      2   23[BANK0 ] unsigned int 
  tenDrained      2   21[BANK0 ] unsigned int 
  oneAA           2   19[BANK0 ] unsigned int 
  tenAA           2   17[BANK0 ] unsigned int 
  oneC            2   15[BANK0 ] unsigned int 
  tenC            2   13[BANK0 ] unsigned int 
  one9V           2   11[BANK0 ] unsigned int 
  ten9V           2    9[BANK0 ] unsigned int 
  choneDrained    1   35[BANK0 ] unsigned char 
  chtenDrained    1   34[BANK0 ] unsigned char 
  choneAA         1   33[BANK0 ] unsigned char 
  chtenAA         1   32[BANK0 ] unsigned char 
  choneC          1   31[BANK0 ] unsigned char 
  chtenC          1   30[BANK0 ] unsigned char 
  chone9V         1   29[BANK0 ] unsigned char 
  chten9V         1   28[BANK0 ] unsigned char 
  oneOpChar       1   27[BANK0 ] unsigned char 
  tenOpChar       1   26[BANK0 ] unsigned char 
  minOpChar       1   25[BANK0 ] unsigned char 
 Return value:  Size  Location     Type
                  1    wreg      void 
 Registers used:
		wreg, status,2, status,0, prodl, prodh, cstack
 Tracked objects:
		On entry : 
		On exit  : 
		Unchanged: 
 Data sizes:     COMRAM   BANK0   BANK1   BANK2   BANK3   BANK4   BANK5   BANK6   BANK7   BANK8   BANK9  BANK10  BANK11  BANK12  BANK13  BANK14  BANK15
      Params:         0       0       0       0       0       0       0       0       0       0       0       0       0       0       0       0       0
      Locals:         0      33       0       0       0       0       0       0       0       0       0       0       0       0       0       0       0
      Temps:          0       1       0       0       0       0       0       0       0       0       0       0       0       0       0       0       0
      Totals:         0      34       0       0       0       0       0       0       0       0       0       0       0       0       0       0       0
Total ram usage:       34 bytes
 Hardware stack levels used:    1
 Hardware stack levels required when called:    4
 This function calls:
		___awdiv
		___awmod
		___lwdiv
		___lwmod
		___wmul
		_initLCD
		_lcdInst
		_putch
 This function is called by:
		_FSM
 This function uses a non-reentrant model


 *************** function _putch *****************
 Defined at:
		line 31 in file "lcd.c"
 Parameters:    Size  Location     Type
  data            1    wreg     unsigned char 
 Auto vars:     Size  Location     Type
  data            1    2[BANK0 ] unsigned char 
 Return value:  Size  Location     Type
                  1    wreg      void 
 Registers used:
		wreg, status,2, status,0, cstack
 Tracked objects:
		On entry : 
		On exit  : 
		Unchanged: 
 Data sizes:     COMRAM   BANK0   BANK1   BANK2   BANK3   BANK4   BANK5   BANK6   BANK7   BANK8   BANK9  BANK10  BANK11  BANK12  BANK13  BANK14  BANK15
      Params:         0       0       0       0       0       0       0       0       0       0       0       0       0       0       0       0       0
      Locals:         0       1       0       0       0       0       0       0       0       0       0       0       0       0       0       0       0
      Temps:          0       0       0       0       0       0       0       0       0       0       0       0       0       0       0       0       0
      Totals:         0       1       0       0       0       0       0       0       0       0       0       0       0       0       0       0       0
Total ram usage:        1 bytes
 Hardware stack levels used:    1
 Hardware stack levels required when called:    2
 This function calls:
		_lcdNibble
 This function is called by:
		_keypad
		_print_batteries
		_print_simu
		_intro
		_running
 This function uses a non-reentrant model


 *************** function _initLCD *****************
 Defined at:
		line 14 in file "lcd.c"
 Parameters:    Size  Location     Type
		None
 Auto vars:     Size  Location     Type
		None
 Return value:  Size  Location     Type
                  1    wreg      void 
 Registers used:
		wreg, status,2, status,0, cstack
 Tracked objects:
		On entry : 
		On exit  : 
		Unchanged: 
 Data sizes:     COMRAM   BANK0   BANK1   BANK2   BANK3   BANK4   BANK5   BANK6   BANK7   BANK8   BANK9  BANK10  BANK11  BANK12  BANK13  BANK14  BANK15
      Params:         0       0       0       0       0       0       0       0       0       0       0       0       0       0       0       0       0
      Locals:         0       0       0       0       0       0       0       0       0       0       0       0       0       0       0       0       0
      Temps:          0       1       0       0       0       0       0       0       0       0       0       0       0       0       0       0       0
      Totals:         0       1       0       0       0       0       0       0       0       0       0       0       0       0       0       0       0
Total ram usage:        1 bytes
 Hardware stack levels used:    1
 Hardware stack levels required when called:    3
 This function calls:
		_lcdInst
 This function is called by:
		_keypad
		_print_batteries
		_print_simu
		_intro
		_running
 This function uses a non-reentrant model


 *************** function _lcdInst *****************
 Defined at:
		line 26 in file "lcd.c"
 Parameters:    Size  Location     Type
  data            1    wreg     unsigned char 
 Auto vars:     Size  Location     Type
  data            1    2[BANK0 ] unsigned char 
 Return value:  Size  Location     Type
                  1    wreg      void 
 Registers used:
		wreg, status,2, status,0, cstack
 Tracked objects:
		On entry : 
		On exit  : 
		Unchanged: 
 Data sizes:     COMRAM   BANK0   BANK1   BANK2   BANK3   BANK4   BANK5   BANK6   BANK7   BANK8   BANK9  BANK10  BANK11  BANK12  BANK13  BANK14  BANK15
      Params:         0       0       0       0       0       0       0       0       0       0       0       0       0       0       0       0       0
      Locals:         0       1       0       0       0       0       0       0       0       0       0       0       0       0       0       0       0
      Temps:          0       0       0       0       0       0       0       0       0       0       0       0       0       0       0       0       0
      Totals:         0       1       0       0       0       0       0       0       0       0       0       0       0       0       0       0       0
Total ram usage:        1 bytes
 Hardware stack levels used:    1
 Hardware stack levels required when called:    2
 This function calls:
		_lcdNibble
 This function is called by:
		_print_batteries
		_initLCD
 This function uses a non-reentrant model


 *************** function _lcdNibble *****************
 Defined at:
		line 36 in file "lcd.c"
 Parameters:    Size  Location     Type
  data            1    wreg     unsigned char 
 Auto vars:     Size  Location     Type
  data            1    1[BANK0 ] unsigned char 
  temp            1    0[BANK0 ] unsigned char 
 Return value:  Size  Location     Type
                  1    wreg      void 
 Registers used:
		wreg, status,2, status,0
 Tracked objects:
		On entry : 
		On exit  : 
		Unchanged: 
 Data sizes:     COMRAM   BANK0   BANK1   BANK2   BANK3   BANK4   BANK5   BANK6   BANK7   BANK8   BANK9  BANK10  BANK11  BANK12  BANK13  BANK14  BANK15
      Params:         0       0       0       0       0       0       0       0       0       0       0       0       0       0       0       0       0
      Locals:         0       2       0       0       0       0       0       0       0       0       0       0       0       0       0       0       0
      Temps:          0       0       0       0       0       0       0       0       0       0       0       0       0       0       0       0       0
      Totals:         0       2       0       0       0       0       0       0       0       0       0       0       0       0       0       0       0
Total ram usage:        2 bytes
 Hardware stack levels used:    1
 Hardware stack levels required when called:    1
 This function calls:
		Nothing
 This function is called by:
		_lcdInst
		_putch
 This function uses a non-reentrant model


 *************** function ___wmul *****************
 Defined at:
		line 15 in file "C:\Program Files (x86)\Microchip\xc8\v1.40\sources\common\Umul16.c"
 Parameters:    Size  Location     Type
  multiplier      2    0[BANK0 ] unsigned int 
  multiplicand    2    2[BANK0 ] unsigned int 
 Auto vars:     Size  Location     Type
  product         2    4[BANK0 ] unsigned int 
 Return value:  Size  Location     Type
                  2    0[BANK0 ] unsigned int 
 Registers used:
		wreg, status,2, status,0, prodl, prodh
 Tracked objects:
		On entry : 
		On exit  : 
		Unchanged: 
 Data sizes:     COMRAM   BANK0   BANK1   BANK2   BANK3   BANK4   BANK5   BANK6   BANK7   BANK8   BANK9  BANK10  BANK11  BANK12  BANK13  BANK14  BANK15
      Params:         0       4       0       0       0       0       0       0       0       0       0       0       0       0       0       0       0
      Locals:         0       2       0       0       0       0       0       0       0       0       0       0       0       0       0       0       0
      Temps:          0       0       0       0       0       0       0       0       0       0       0       0       0       0       0       0       0
      Totals:         0       6       0       0       0       0       0       0       0       0       0       0       0       0       0       0       0
Total ram usage:        6 bytes
 Hardware stack levels used:    1
 Hardware stack levels required when called:    1
 This function calls:
		Nothing
 This function is called by:
		_print_batteries
 This function uses a non-reentrant model


 *************** function ___lwmod *****************
 Defined at:
		line 8 in file "C:\Program Files (x86)\Microchip\xc8\v1.40\sources\common\lwmod.c"
 Parameters:    Size  Location     Type
  dividend        2    0[BANK0 ] unsigned int 
  divisor         2    2[BANK0 ] unsigned int 
 Auto vars:     Size  Location     Type
  counter         1    4[BANK0 ] unsigned char 
 Return value:  Size  Location     Type
                  2    0[BANK0 ] unsigned int 
 Registers used:
		wreg, status,2, status,0
 Tracked objects:
		On entry : 
		On exit  : 
		Unchanged: 
 Data sizes:     COMRAM   BANK0   BANK1   BANK2   BANK3   BANK4   BANK5   BANK6   BANK7   BANK8   BANK9  BANK10  BANK11  BANK12  BANK13  BANK14  BANK15
      Params:         0       4       0       0       0       0       0       0       0       0       0       0       0       0       0       0       0
      Locals:         0       1       0       0       0       0       0       0       0       0       0       0       0       0       0       0       0
      Temps:          0       0       0       0       0       0       0       0       0       0       0       0       0       0       0       0       0
      Totals:         0       5       0       0       0       0       0       0       0       0       0       0       0       0       0       0       0
Total ram usage:        5 bytes
 Hardware stack levels used:    1
 Hardware stack levels required when called:    1
 This function calls:
		Nothing
 This function is called by:
		_print_batteries
 This function uses a non-reentrant model


 *************** function ___lwdiv *****************
 Defined at:
		line 8 in file "C:\Program Files (x86)\Microchip\xc8\v1.40\sources\common\lwdiv.c"
 Parameters:    Size  Location     Type
  dividend        2    0[BANK0 ] unsigned int 
  divisor         2    2[BANK0 ] unsigned int 
 Auto vars:     Size  Location     Type
  quotient        2    5[BANK0 ] unsigned int 
  counter         1    4[BANK0 ] unsigned char 
 Return value:  Size  Location     Type
                  2    0[BANK0 ] unsigned int 
 Registers used:
		wreg, status,2, status,0
 Tracked objects:
		On entry : 
		On exit  : 
		Unchanged: 
 Data sizes:     COMRAM   BANK0   BANK1   BANK2   BANK3   BANK4   BANK5   BANK6   BANK7   BANK8   BANK9  BANK10  BANK11  BANK12  BANK13  BANK14  BANK15
      Params:         0       4       0       0       0       0       0       0       0       0       0       0       0       0       0       0       0
      Locals:         0       3       0       0       0       0       0       0       0       0       0       0       0       0       0       0       0
      Temps:          0       0       0       0       0       0       0       0       0       0       0       0       0       0       0       0       0
      Totals:         0       7       0       0       0       0       0       0       0       0       0       0       0       0       0       0       0
Total ram usage:        7 bytes
 Hardware stack levels used:    1
 Hardware stack levels required when called:    1
 This function calls:
		Nothing
 This function is called by:
		_print_batteries
 This function uses a non-reentrant model


 *************** function ___awmod *****************
 Defined at:
		line 8 in file "C:\Program Files (x86)\Microchip\xc8\v1.40\sources\common\awmod.c"
 Parameters:    Size  Location     Type
  dividend        2    0[BANK0 ] int 
  divisor         2    2[BANK0 ] int 
 Auto vars:     Size  Location     Type
  sign            1    5[BANK0 ] unsigned char 
  counter         1    4[BANK0 ] unsigned char 
 Return value:  Size  Location     Type
                  2    0[BANK0 ] int 
 Registers used:
		wreg, status,2, status,0
 Tracked objects:
		On entry : 
		On exit  : 
		Unchanged: 
 Data sizes:     COMRAM   BANK0   BANK1   BANK2   BANK3   BANK4   BANK5   BANK6   BANK7   BANK8   BANK9  BANK10  BANK11  BANK12  BANK13  BANK14  BANK15
      Params:         0       4       0       0       0       0       0       0       0       0       0       0       0       0       0       0       0
      Locals:         0       2       0       0       0       0       0       0       0       0       0       0       0       0       0       0       0
      Temps:          0       0       0       0       0       0       0       0       0       0       0       0       0       0       0       0       0
      Totals:         0       6       0       0       0       0       0       0       0       0       0       0       0       0       0       0       0
Total ram usage:        6 bytes
 Hardware stack levels used:    1
 Hardware stack levels required when called:    1
 This function calls:
		Nothing
 This function is called by:
		_keypad
		_print_batteries
 This function uses a non-reentrant model


 *************** function ___awdiv *****************
 Defined at:
		line 8 in file "C:\Program Files (x86)\Microchip\xc8\v1.40\sources\common\awdiv.c"
 Parameters:    Size  Location     Type
  dividend        2    0[BANK0 ] int 
  divisor         2    2[BANK0 ] int 
 Auto vars:     Size  Location     Type
  quotient        2    6[BANK0 ] int 
  sign            1    5[BANK0 ] unsigned char 
  counter         1    4[BANK0 ] unsigned char 
 Return value:  Size  Location     Type
                  2    0[BANK0 ] int 
 Registers used:
		wreg, status,2, status,0
 Tracked objects:
		On entry : 
		On exit  : 
		Unchanged: 
 Data sizes:     COMRAM   BANK0   BANK1   BANK2   BANK3   BANK4   BANK5   BANK6   BANK7   BANK8   BANK9  BANK10  BANK11  BANK12  BANK13  BANK14  BANK15
      Params:         0       4       0       0       0       0       0       0       0       0       0       0       0       0       0       0       0
      Locals:         0       4       0       0       0       0       0       0       0       0       0       0       0       0       0       0       0
      Temps:          0       0       0       0       0       0       0       0       0       0       0       0       0       0       0       0       0
      Totals:         0       8       0       0       0       0       0       0       0       0       0       0       0       0       0       0       0
Total ram usage:        8 bytes
 Hardware stack levels used:    1
 Hardware stack levels required when called:    1
 This function calls:
		Nothing
 This function is called by:
		_FSM
		_keypad
		_print_batteries
 This function uses a non-reentrant model


 *************** function _handler *****************
 Defined at:
		line 191 in file "main.c"
 Parameters:    Size  Location     Type
		None
 Auto vars:     Size  Location     Type
  z               2   37[COMRAM] int 
  L               2   35[COMRAM] int 
  w               2   33[COMRAM] int 
  y               2   31[COMRAM] int 
  x               2   29[COMRAM] int 
  z               2   27[COMRAM] int 
  L               2   25[COMRAM] int 
  w               2   23[COMRAM] int 
  y               2   21[COMRAM] int 
  x               2   19[COMRAM] int 
  z               2   57[COMRAM] int 
  L               2   55[COMRAM] int 
  w               2   53[COMRAM] int 
  y               2   51[COMRAM] int 
  x               2   49[COMRAM] int 
  z               2   47[COMRAM] int 
  L               2   45[COMRAM] int 
  w               2   43[COMRAM] int 
  y               2   41[COMRAM] int 
  x               2   39[COMRAM] int 
 Return value:  Size  Location     Type
                  1    wreg      void 
 Registers used:
		wreg, status,2, status,0, tblptrl, tblptrh, tblptru
 Tracked objects:
		On entry : 
		On exit  : 
		Unchanged: 
 Data sizes:     COMRAM   BANK0   BANK1   BANK2   BANK3   BANK4   BANK5   BANK6   BANK7   BANK8   BANK9  BANK10  BANK11  BANK12  BANK13  BANK14  BANK15
      Params:         0       0       0       0       0       0       0       0       0       0       0       0       0       0       0       0       0
      Locals:        40       0       0       0       0       0       0       0       0       0       0       0       0       0       0       0       0
      Temps:         19       0       0       0       0       0       0       0       0       0       0       0       0       0       0       0       0
      Totals:        59       0       0       0       0       0       0       0       0       0       0       0       0       0       0       0       0
Total ram usage:       59 bytes
 Hardware stack levels used:    1
 This function calls:
		Nothing
 This function is called by:
		Interrupt level 2
 This function uses a non-reentrant model



MODULE INFORMATION

Module		Function		Class		Link	Load	Size
C:\Program Files (x86)\Microchip\xc8\v1.40\sources\common\Umul16.c
		___wmul        		CODE           	308C	0000	55

C:\Program Files (x86)\Microchip\xc8\v1.40\sources\common\Umul16.c estimated size: 55

C:\Program Files (x86)\Microchip\xc8\v1.40\sources\common\lwmod.c
		___lwmod       		CODE           	2F9C	0000	99

C:\Program Files (x86)\Microchip\xc8\v1.40\sources\common\lwmod.c estimated size: 99

C:\Program Files (x86)\Microchip\xc8\v1.40\sources\common\awmod.c
		___awmod       		CODE           	2DB4	0000	163

C:\Program Files (x86)\Microchip\xc8\v1.40\sources\common\awmod.c estimated size: 163

shared
		_FORWARD_POS_0_C		SMALLCONST     	101C	0000	3
		_FORWARD_POS_1_C		SMALLCONST     	1024	0000	3
		_FORWARD_POS_2_C		SMALLCONST     	102C	0000	3
		_RESET_POS     		SMALLCONST     	1038	0000	3
		_SENSOR_WAIT   		SMALLCONST     	1040	0000	3
		_RESET_POS_C   		SMALLCONST     	103E	0000	3
		_RESET_POS_AA  		SMALLCONST     	103C	0000	3
		_RESET_POS_9V  		SMALLCONST     	103A	0000	3
		_VOLT_WAIT     		SMALLCONST     	1046	0000	3
		_AGITATE_DC    		SMALLCONST     	1012	0000	3
		_ELEC_DOWN     		SMALLCONST     	1018	0000	3
		_AGITATE_WAIT_1		SMALLCONST     	1014	0000	3
		_AGITATE_WAIT_2		SMALLCONST     	1016	0000	3
		_MAX_COUNT     		SMALLCONST     	102E	0000	3
		_FORWARD_POS_1_AA		SMALLCONST     	1022	0000	3
		_FORWARD_POS_2_AA		SMALLCONST     	102A	0000	3
		_keys          		SMALLCONST     	1001	0000	18
		_SERVO_WAIT    		SMALLCONST     	1044	0000	3
		__initialization		CODE           	2F36	0000	89
		_FORWARD_POS_1_9V		SMALLCONST     	1020	0000	3
		_FORWARD_POS_2_9V		SMALLCONST     	1028	0000	3
		_RAMP_9V       		SMALLCONST     	1030	0000	3
		_RAMP_DEAD     		SMALLCONST     	1036	0000	3
		_FORWARD_POS_1 		SMALLCONST     	101E	0000	3
		_FORWARD_POS_2 		SMALLCONST     	1026	0000	3
		_ELEC_UP       		SMALLCONST     	101A	0000	3
		_SERVO_F_WAIT  		SMALLCONST     	1042	0000	3
		_RAMP_C        		SMALLCONST     	1034	0000	3
		_RAMP_AA       		SMALLCONST     	1032	0000	3

shared estimated size: 188

lcd.c
		_putch         		CODE           	30C2	0000	17
		_lcdInst       		CODE           	30D2	0000	17
		_intro         		CODE           	2FFE	0000	73
		_lcdNibble     		CODE           	2ECE	0000	105
		_initLCD       		CODE           	3046	0000	71

lcd.c estimated size: 283

C:\Program Files (x86)\Microchip\xc8\v1.40\sources\common\lwdiv.c
		___lwdiv       		CODE           	2E56	0000	121

C:\Program Files (x86)\Microchip\xc8\v1.40\sources\common\lwdiv.c estimated size: 121

C:\Program Files (x86)\Microchip\xc8\v1.40\sources\common\awdiv.c
		___awdiv       		CODE           	2CF6	0000	191

C:\Program Files (x86)\Microchip\xc8\v1.40\sources\common\awdiv.c estimated size: 191

main.c
		_main          		CODE           	2C22	0000	213
		_keypad        		CODE           	261E	0000	789
		_print_batteries		CODE           	22EA	0000	821
		_handler       		CODE           	0008	0000	1427
		_print_simu    		CODE           	2932	0000	753
		_FSM           		CODE           	104A	0000	3349

main.c estimated size: 7352

